// Jest Snapshot v1, https://goo.gl/fbAQLP

exports[`pruebas en <AddCategory />> debe de mostrarse correctamente  1`] = `
<form
  onSubmit={[Function]}
>
  <p />
  <input
    onChange={[Function]}
    placeholder="ingrese el gif a buscar"
    type="text"
    value=""
  />
</form>
`;
